// Jest Snapshot v1, https://goo.gl/fbAQLP

exports[`CanvasContainer Component renders without crashing in 'debug' mode Mon Jun 03 2019 19:12:23 GMT+1000 (Australian Eastern Standard Time) 1`] = `
<Animation
  handleMouseEvent={[Function]}
  id="animation"
  x={0}
  y={0}
/>
`;
